Microchip Technology Inc, v1.70 (B)

Tool Name:
  d:\programas uni\bin\bin\..\bin/elf-ld.exe

Command:
  -p33FJ32MC204 \
  --mdfp=D:/programas uni/packs/Microchip/dsPIC33F-GP-MC_DFP/1.3.64/xc16 \
  -o \
  dist/default/production/Practica4_SE.X.production.elf \
  -Ld:/programas uni/bin/bin/.. \
  -LD:/programas uni/packs/Microchip/dsPIC33F-GP-MC_DFP/1.3.64/xc16/bin/../support/PIC24H/gld \
  -LD:/programas uni/packs/Microchip/dsPIC33F-GP-MC_DFP/1.3.64/xc16/bin/../support/dsPIC33F/gld \
  -Ld:/programas uni/bin/bin/../../lib \
  -Ld:/programas uni/bin/bin/../../support/PIC24E/gld \
  -Ld:/programas uni/bin/bin/../../support/PIC24F/gld \
  -Ld:/programas uni/bin/bin/../../support/PIC24H/gld \
  -Ld:/programas uni/bin/bin/../../support/dsPIC30F/gld \
  -Ld:/programas uni/bin/bin/../../support/dsPIC33C/gld \
  -Ld:/programas uni/bin/bin/../../support/dsPIC33E/gld \
  -Ld:/programas uni/bin/bin/../../support/dsPIC33F/gld \
  build/default/production/main4.o \
  --defsym=__MPLAB_BUILD=1 \
  -Tp33FJ32MC204.gld.00 \
  --stack=16 \
  --check-sections \
  --data-init \
  --pack-data \
  --handles \
  --isr \
  --no-gc-sections \
  --fill-upper=0 \
  --stackguard=16 \
  --no-force-link \
  --smart-io \
  -Map=dist/default/production/Practica4_SE.X.production.map \
  --report-mem \
  --memorysummary \
  dist/default/production/memoryfile.xml \
  -start-group \
  --library=lega-pic30-elf \
  --library=m-elf \
  --library=lega-c-elf \
  -end-group \


Optional library libp33FJ32MC204.a not found
Archive member included because of file (symbol)

d:/programas uni/bin/bin/../../lib\liblega-pic30-elf.a(crt0_standard.o)
                              (__resetPRI)
d:/programas uni/bin/bin/../../lib\liblega-pic30-elf.a(data_init_standard.o)
                              d:/programas uni/bin/bin/../../lib\liblega-pic30-elf.a(crt0_standard.o) (__data_init_standard)
d:/programas uni/bin/bin/../../lib\liblega-pic30-elf.a(crt_start_mode_normal.Leo)
                              (__crt_start_mode_normal)
d:/programas uni/bin/bin/../../lib\libm-elf.a(divsf3.eo)
                              build/default/production/main4.o (___divsf3)
d:/programas uni/bin/bin/../../lib\libm-elf.a(floatunsisf.eo)
                              build/default/production/main4.o (___floatunsisf)
d:/programas uni/bin/bin/../../lib\libm-elf.a(fpack.eo)
                              d:/programas uni/bin/bin/../../lib\libm-elf.a(divsf3.eo) (__fpack)
d:/programas uni/bin/bin/../../lib\libm-elf.a(funpack2.eo)
                              d:/programas uni/bin/bin/../../lib\libm-elf.a(divsf3.eo) (__funpack2)
d:/programas uni/bin/bin/../../lib\libm-elf.a(futil.eo)
                              d:/programas uni/bin/bin/../../lib\libm-elf.a(divsf3.eo) (__fPropagateNaN)
d:/programas uni/bin/bin/../../lib\libm-elf.a(floatundisf.eo)
                              d:/programas uni/bin/bin/../../lib\libm-elf.a(floatunsisf.eo) (___floatundisf)
d:/programas uni/bin/bin/../../lib\libm-elf.a(funpack.eo)
                              d:/programas uni/bin/bin/../../lib\libm-elf.a(funpack2.eo) (__funpack)
d:/programas uni/bin/bin/../../lib\liblega-c-elf.a(memcpy.XX_eo)
                              build/default/production/main4.o (_memcpy)
d:/programas uni/bin/bin/../../lib\liblega-c-elf.a(sprintf_fF.XXeo)
                              build/default/production/main4.o (__sprintf_fF)
d:/programas uni/bin/bin/../../lib\liblega-c-elf.a(xprintf_fF.XXeo)
                              d:/programas uni/bin/bin/../../lib\liblega-c-elf.a(sprintf_fF.XXeo) (___ePrintf_fF)
d:/programas uni/bin/bin/../../lib\liblega-c-elf.a(xputfld_fF.XXeo)
                              d:/programas uni/bin/bin/../../lib\liblega-c-elf.a(xprintf_fF.XXeo) (___Putfld_fF)
d:/programas uni/bin/bin/../../lib\liblega-c-elf.a(xldtob_fF.XXeo)
                              d:/programas uni/bin/bin/../../lib\liblega-c-elf.a(xputfld_fF.XXeo) (___Ldtob_fF)
d:/programas uni/bin/bin/../../lib\liblega-c-elf.a(xgenld_fF.XXeo)
                              d:/programas uni/bin/bin/../../lib\liblega-c-elf.a(xldtob_fF.XXeo) (___Genld_fF)
d:/programas uni/bin/bin/../../lib\liblega-c-elf.a(div.XX_eo)
                              d:/programas uni/bin/bin/../../lib\liblega-c-elf.a(xgenld_fF.XXeo) (_div)
d:/programas uni/bin/bin/../../lib\liblega-c-elf.a(ldiv.XX_eo)
                              d:/programas uni/bin/bin/../../lib\liblega-c-elf.a(xldtob_fF.XXeo) (_ldiv)
d:/programas uni/bin/bin/../../lib\liblega-c-elf.a(strchr.XX_eo)
                              d:/programas uni/bin/bin/../../lib\liblega-c-elf.a(xprintf_fF.XXeo) (_strchr)
d:/programas uni/bin/bin/../../lib\liblega-c-elf.a(xldunsca.XX_eo)
                              d:/programas uni/bin/bin/../../lib\liblega-c-elf.a(xldtob_fF.XXeo) (__LDunscale)
d:/programas uni/bin/bin/../../lib\liblega-c-elf.a(xputtxt.XX_eo)
                              d:/programas uni/bin/bin/../../lib\liblega-c-elf.a(xprintf_fF.XXeo) (__Puttxt)
d:/programas uni/bin/bin/../../lib\liblega-c-elf.a(xvacopy.XX_eo)
                              d:/programas uni/bin/bin/../../lib\liblega-c-elf.a(xprintf_fF.XXeo) (__Vacopy)
d:/programas uni/bin/bin/../../lib\liblega-c-elf.a(efwrite.XX_eo)
                              d:/programas uni/bin/bin/../../lib\liblega-c-elf.a(xprintf_fF.XXeo) (_efwrite)
d:/programas uni/bin/bin/../../lib\liblega-c-elf.a(fflush.XX_elo)
                              d:/programas uni/bin/bin/../../lib\liblega-c-elf.a(efwrite.XX_eo) (__DNKfflush)
d:/programas uni/bin/bin/../../lib\liblega-c-elf.a(xdnorm.XX_elo)
                              d:/programas uni/bin/bin/../../lib\liblega-c-elf.a(xldunsca.XX_eo) (__Dnorm)
d:/programas uni/bin/bin/../../lib\liblega-c-elf.a(xfiles.XX_elo)
                              d:/programas uni/bin/bin/../../lib\liblega-c-elf.a(fflush.XX_elo) (__Files)
d:/programas uni/bin/bin/../../lib\liblega-c-elf.a(xfwprep.XX_eo)
                              d:/programas uni/bin/bin/../../lib\liblega-c-elf.a(efwrite.XX_eo) (__Fwprep)
d:/programas uni/bin/bin/../../lib\liblega-c-elf.a(fclose.XX_elo)
                              d:/programas uni/bin/bin/../../lib\liblega-c-elf.a(xfwprep.XX_eo) (__Closreg)
d:/programas uni/bin/bin/../../lib\liblega-c-elf.a(xatexit.XX_elo)
                              d:/programas uni/bin/bin/../../lib\liblega-c-elf.a(fclose.XX_elo) (__Atexit)
d:/programas uni/bin/bin/../../lib\liblega-c-elf.a(free.XX_eo)
                              d:/programas uni/bin/bin/../../lib\liblega-c-elf.a(fclose.XX_elo) (_free)
d:/programas uni/bin/bin/../../lib\liblega-c-elf.a(malloc.XX_eo)
                              d:/programas uni/bin/bin/../../lib\liblega-c-elf.a(free.XX_eo) (__Aldata)
d:/programas uni/bin/bin/../../lib\liblega-c-elf.a(xgetmem.XX_eo)
                              d:/programas uni/bin/bin/../../lib\liblega-c-elf.a(malloc.XX_eo) (__Getmem)
d:/programas uni/bin/bin/../../lib\liblega-pic30-elf.a(close.Leo)
                              d:/programas uni/bin/bin/../../lib\liblega-c-elf.a(fclose.XX_elo) (_close)
d:/programas uni/bin/bin/../../lib\liblega-pic30-elf.a(write.Leo)
                              d:/programas uni/bin/bin/../../lib\liblega-c-elf.a(fflush.XX_elo) (_write)
d:/programas uni/bin/bin/../../lib\liblega-pic30-elf.a(remove.Leo)
                              d:/programas uni/bin/bin/../../lib\liblega-c-elf.a(fclose.XX_elo) (_remove)
d:/programas uni/bin/bin/../../lib\liblega-pic30-elf.a(sbrk.Leo)
                              d:/programas uni/bin/bin/../../lib\liblega-c-elf.a(xgetmem.XX_eo) (_sbrk)
d:/programas uni/bin/bin/../../lib\liblega-pic30-elf.a(c30_uart.Leo)
                              d:/programas uni/bin/bin/../../lib\liblega-pic30-elf.a(write.Leo) (___C30_UART)
d:/programas uni/bin/bin/../../lib\liblega-pic30-elf.a(memcpy_eds.Leo)
                              d:/programas uni/bin/bin/../../lib\liblega-c-elf.a(sprintf_fF.XXeo) (__memcpy_eds_3)
d:/programas uni/bin/bin/../../lib\liblega-pic30-elf.a(memchr_eds.Leo)
                              d:/programas uni/bin/bin/../../lib\liblega-c-elf.a(efwrite.XX_eo) (__memchr_eds)
d:/programas uni/bin/bin/../../lib\liblega-pic30-elf.a(brk.Lelo)
                              d:/programas uni/bin/bin/../../lib\liblega-pic30-elf.a(sbrk.Leo) (_brk)
d:/programas uni/bin/bin/../../lib\libm-elf.a(deqltle.eo)
                              d:/programas uni/bin/bin/../../lib\liblega-c-elf.a(xldtob_fF.XXeo) (___ltdf2)
d:/programas uni/bin/bin/../../lib\libm-elf.a(dgtge.eo)
                              d:/programas uni/bin/bin/../../lib\liblega-c-elf.a(xldtob_fF.XXeo) (___gtdf2)
d:/programas uni/bin/bin/../../lib\libm-elf.a(divdf3.eo)
                              d:/programas uni/bin/bin/../../lib\liblega-c-elf.a(xldtob_fF.XXeo) (___divdf3)
d:/programas uni/bin/bin/../../lib\libm-elf.a(divsi3.eo)
                              d:/programas uni/bin/bin/../../lib\liblega-c-elf.a(xldtob_fF.XXeo) (___divsi3)
d:/programas uni/bin/bin/../../lib\libm-elf.a(dpack.eo)
                              d:/programas uni/bin/bin/../../lib\libm-elf.a(divdf3.eo) (__dpack)
d:/programas uni/bin/bin/../../lib\libm-elf.a(dunpack2.eo)
                              d:/programas uni/bin/bin/../../lib\libm-elf.a(divdf3.eo) (__dunpack2)
d:/programas uni/bin/bin/../../lib\libm-elf.a(extendsfdf.eo)
                              d:/programas uni/bin/bin/../../lib\liblega-c-elf.a(xputfld_fF.XXeo) (___extendsfdf2)
d:/programas uni/bin/bin/../../lib\libm-elf.a(fixdfsi.eo)
                              d:/programas uni/bin/bin/../../lib\liblega-c-elf.a(xldtob_fF.XXeo) (_(float, int, long long, double, float, short, int))
d:/programas uni/bin/bin/../../lib\libm-elf.a(floatsidf.eo)
                              d:/programas uni/bin/bin/../../lib\liblega-c-elf.a(xldtob_fF.XXeo) (___floatsidf)
d:/programas uni/bin/bin/../../lib\libm-elf.a(muldf3.eo)
                              d:/programas uni/bin/bin/../../lib\liblega-c-elf.a(xldtob_fF.XXeo) (___muldf3)
d:/programas uni/bin/bin/../../lib\libm-elf.a(subdf3.eo)
                              d:/programas uni/bin/bin/../../lib\liblega-c-elf.a(xldtob_fF.XXeo) (___subdf3)
d:/programas uni/bin/bin/../../lib\libm-elf.a(udivsi3.eo)
                              d:/programas uni/bin/bin/../../lib\libm-elf.a(divsi3.eo) (___udivsi3)
d:/programas uni/bin/bin/../../lib\libm-elf.a(mulsi3.eo)
                              d:/programas uni/bin/bin/../../lib\liblega-c-elf.a(ldiv.XX_eo) (___mulsi3)
d:/programas uni/bin/bin/../../lib\libm-elf.a(adddf3.eo)
                              d:/programas uni/bin/bin/../../lib\libm-elf.a(subdf3.eo) (___adddf3)
d:/programas uni/bin/bin/../../lib\libm-elf.a(dcompare.eo)
                              d:/programas uni/bin/bin/../../lib\libm-elf.a(deqltle.eo) (__dcompare)
d:/programas uni/bin/bin/../../lib\libm-elf.a(dpropagateNaN.eo)
                              d:/programas uni/bin/bin/../../lib\libm-elf.a(dunpack2.eo) (__dPropagateNaN)
d:/programas uni/bin/bin/../../lib\libm-elf.a(dtype.eo)
                              d:/programas uni/bin/bin/../../lib\libm-elf.a(dcompare.eo) (__dtype)
d:/programas uni/bin/bin/../../lib\libm-elf.a(dunpack.eo)
                              d:/programas uni/bin/bin/../../lib\libm-elf.a(dunpack2.eo) (__dunpack)
d:/programas uni/bin/bin/../../lib\libm-elf.a(floatdidf.eo)
                              d:/programas uni/bin/bin/../../lib\libm-elf.a(floatsidf.eo) (___floatdidf)
d:/programas uni/bin/bin/../../lib\libm-elf.a(floatundidf.eo)
                              d:/programas uni/bin/bin/../../lib\libm-elf.a(floatdidf.eo) (___floatundidf)


Selected CodeGuard Options:
  FGS:GWRP:OFF
  FGS:GSS:OFF
  FBS:BWRP:WRPROTECT_OFF
  FBS:BSS:NO_FLASH

CodeGuard FLASH Memory:
  boot    (none)
  secure  (none)
  general 0x200 to 0x57fe

CodeGuard RAM Memory:
  general 0x800 to 0xfff
  secure  (none)
  boot    (none)


xc16-ld 1.70 (B)

Default Code Model: Small
Default Data Model: Small
Default Scalar Model: Small

"program" Memory  [Origin = 0x200, Length = 0x5600]

section                    address   length (PC units)   length (bytes) (dec)
-------                    -------   -----------------   --------------------
.text                        0x200              0x179a          0x2367  (9063)
.const                      0x199a                0x78            0xb4  (180)
.text                       0x1a12               0x2d4           0x43e  (1086)
.dinit                      0x1ce6                0xf8           0x174  (372)

                 Total "program" memory used (bytes):         0x29cd  (10701) 32%


"data" Memory  [Origin = 0x800, Length = 0x800]

section                    address      alignment gaps    total length  (dec)
-------                    -------      --------------    -------------------
.nbss                        0x800                   0           0x1da  (474)
.ndata                       0x9da                   0             0x6  (6)
.data                        0x9e0                   0            0xfa  (250)
.bss                         0xada                   0             0x4  (4)
.data                        0xade                   0             0x2  (2)
.bss                         0xae0                   0             0x2  (2)
.data                        0xae2                   0             0x4  (4)
.bss                         0xae6                   0             0x2  (2)

                 Total "data" memory used (bytes):          0x2e8  (744) 36%


Dynamic Memory Usage

region                     address                      maximum length  (dec)
------                     -------                      ---------------------
heap                             0                                   0  (0)
stack                        0xae8                               0x518  (1304)

                 Maximum dynamic memory (bytes):          0x518  (1304)

Info: Project is using a large data memory model when small data memory model is sufficient.


External Symbols in Data Memory (by address):

                    0x0800                  _txbuffer
                    0x08c8                  _dataCMD_ISR
                    0x08fa                  _pulsoIC1
                    0x08fc                  _time_pulsoIC1
                    0x08fe                  _rise_pulsoIC1
                    0x0900                  _pulsoIC2
                    0x0902                  _time_pulsoIC2
                    0x0904                  _rise_pulsoIC2
                    0x0906                  _tiempo_real_IC1
                    0x090a                  _tiempo_real_IC2
                    0x090e                  _received_char
                    0x090f                  _txbuffer_ISR
                    0x09d8                  _nextchar
                    0x09da                  _dutyOC1
                    0x09dc                  _dutyOC2
                    0x09de                  _flag
                    0x09e0                  __Stdin
                    0x0a08                  __Stdout
                    0x0a30                  __Stderr
                    0x0a58                  __Files
                    0x0ada                  __Aldata
                    0x0ae2                  __Size_block
                    0x0ae4                  ___C30_UART
                    0x0ae6                  ___curbrk

External Symbols in Data Memory (by name):

                    0x0ada                  __Aldata
                    0x0a58                  __Files
                    0x0ae2                  __Size_block
                    0x0a30                  __Stderr
                    0x09e0                  __Stdin
                    0x0a08                  __Stdout
                    0x0ae4                  ___C30_UART
                    0x0ae6                  ___curbrk
                    0x08c8                  _dataCMD_ISR
                    0x09da                  _dutyOC1
                    0x09dc                  _dutyOC2
                    0x09de                  _flag
                    0x09d8                  _nextchar
                    0x08fa                  _pulsoIC1
                    0x0900                  _pulsoIC2
                    0x090e                  _received_char
                    0x08fe                  _rise_pulsoIC1
                    0x0904                  _rise_pulsoIC2
                    0x0906                  _tiempo_real_IC1
                    0x090a                  _tiempo_real_IC2
                    0x08fc                  _time_pulsoIC1
                    0x0902                  _time_pulsoIC2
                    0x0800                  _txbuffer
                    0x090f                  _txbuffer_ISR

External Symbols in Program Memory (by address):

                  0x000200                  __resetPRI
                  0x00023c                  __psv_init
                  0x000252                  __data_init
                  0x000252                  __data_init_standard
                  0x0002dc                  __IC1Interrupt
                  0x000316                  __IC2Interrupt
                  0x000350                  __DefaultInterrupt
                  0x000440                  ___divsf3
                  0x0004c4                  ___floatunsisf
                  0x0004c8                  __fpack
                  0x000514                  __funpack2
                  0x000524                  __fPropagateNaN
                  0x000536                  __fbopExit
                  0x00053e                  __fbopReturnNaN
                  0x000544                  ___floatundisf
                  0x0005a2                  __funpack
                  0x0005cc                  _memcpy
                  0x0005da                  sprintf_fF.XXeo:_eprout
                  0x0005f4                  sprintf_fF.XXeo:_prout
                  0x000602                  __sprintf_fF
                  0x000622                  xprintf_fF.XXeo:_eprout
                  0x000640                  ___ePrintf_fF
                  0x0007b6                  ___Printf_fF
                  0x0007c0                  ___Putfld_fF
                  0x000864                  ___Ldtob_fF
                  0x000ab4                  ___Genld_fF
                  0x000cbc                  _div
                  0x000cd2                  _ldiv
                  0x000cfc                  _strchr
                  0x000d14                  __LDunscale
                  0x000d68                  __Puttxt
                  0x000f1c                  __Vacopy
                  0x000f20                  _efwrite
                  0x000ff8                  __DNKfflush
                  0x00106e                  __Dnorm
                  0x001106                  __Fwprep
                  0x001198                  __Closreg
                  0x0011aa                  _fclose
                  0x00123a                  fclose.XX_elo:_closeall
                  0x00125a                  __Atexit
                  0x001272                  _free
                  0x00133c                  _malloc
                  0x001390                  __Getmem
                  0x0013b0                  __memcpy_eds
                  0x0013b0                  __memcpy_eds_3
                  0x0013ea                  __memchr_eds
                  0x001420                  ___ledf2
                  0x001420                  ___eqdf2
                  0x001420                  ___ltdf2
                  0x00142a                  ___gedf2
                  0x00142a                  ___gtdf2
                  0x001434                  ___divdf3
                  0x0014e8                  ___divsi3
                  0x001506                  __dpack
                  0x00155e                  __dunpack2
                  0x001580                  __dreturnNaN
                  0x001586                  __dunpack2exit
                  0x001590                  ___extendsfdf2
                  0x0015ce                  ___fixdfsi
                  0x001626                  ___floatsidf
                  0x00162c                  ___muldf3
                  0x001718                  ___subdf3
                  0x00171c                  ___udivsi3
                  0x00173c                  ___mulsi3
                  0x00173c                  ___mulp32peds3
                  0x00173c                  ___mulp32eds3
                  0x001748                  ___adddf3
                  0x001844                  __dcompare
                  0x001896                  __dPropagateNaN
                  0x0018b2                  __dtype
                  0x0018d6                  __dunpack
                  0x001924                  ___floatdidf
                  0x001944                  ___floatundidf
                  0x001a12                  _delay_ms
                  0x001a4c                  _uart_config
                  0x001aca                  _output_compare_config
                  0x001b48                  _input_capture_config
                  0x001be2                  _EnviarCaracter
                  0x001bfa                  _EnviarString
                  0x001c14                  _main
                  0xf80000                  __FBS.sec
                  0xf80004                  __FGS.sec

External Symbols in Program Memory (by name):

                  0x001be2                  _EnviarCaracter
                  0x001bfa                  _EnviarString
                  0x00125a                  __Atexit
                  0x001198                  __Closreg
                  0x000ff8                  __DNKfflush
                  0x000350                  __DefaultInterrupt
                  0x00106e                  __Dnorm
                  0xf80000                  __FBS.sec
                  0xf80004                  __FGS.sec
                  0x001106                  __Fwprep
                  0x001390                  __Getmem
                  0x0002dc                  __IC1Interrupt
                  0x000316                  __IC2Interrupt
                  0x000d14                  __LDunscale
                  0x000d68                  __Puttxt
                  0x000f1c                  __Vacopy
                  0x000ab4                  ___Genld_fF
                  0x000864                  ___Ldtob_fF
                  0x0007b6                  ___Printf_fF
                  0x0007c0                  ___Putfld_fF
                  0x001748                  ___adddf3
                  0x001434                  ___divdf3
                  0x000440                  ___divsf3
                  0x0014e8                  ___divsi3
                  0x000640                  ___ePrintf_fF
                  0x001420                  ___eqdf2
                  0x001590                  ___extendsfdf2
                  0x0015ce                  ___fixdfsi
                  0x001924                  ___floatdidf
                  0x001626                  ___floatsidf
                  0x001944                  ___floatundidf
                  0x000544                  ___floatundisf
                  0x0004c4                  ___floatunsisf
                  0x00142a                  ___gedf2
                  0x00142a                  ___gtdf2
                  0x001420                  ___ledf2
                  0x001420                  ___ltdf2
                  0x00162c                  ___muldf3
                  0x00173c                  ___mulp32eds3
                  0x00173c                  ___mulp32peds3
                  0x00173c                  ___mulsi3
                  0x001718                  ___subdf3
                  0x00171c                  ___udivsi3
                  0x001896                  __dPropagateNaN
                  0x000252                  __data_init
                  0x000252                  __data_init_standard
                  0x001844                  __dcompare
                  0x001506                  __dpack
                  0x001580                  __dreturnNaN
                  0x0018b2                  __dtype
                  0x0018d6                  __dunpack
                  0x00155e                  __dunpack2
                  0x001586                  __dunpack2exit
                  0x000524                  __fPropagateNaN
                  0x000536                  __fbopExit
                  0x00053e                  __fbopReturnNaN
                  0x0004c8                  __fpack
                  0x0005a2                  __funpack
                  0x000514                  __funpack2
                  0x0013ea                  __memchr_eds
                  0x0013b0                  __memcpy_eds
                  0x0013b0                  __memcpy_eds_3
                  0x00023c                  __psv_init
                  0x000200                  __resetPRI
                  0x000602                  __sprintf_fF
                  0x001a12                  _delay_ms
                  0x000cbc                  _div
                  0x000f20                  _efwrite
                  0x0011aa                  _fclose
                  0x001272                  _free
                  0x001b48                  _input_capture_config
                  0x000cd2                  _ldiv
                  0x001c14                  _main
                  0x00133c                  _malloc
                  0x0005cc                  _memcpy
                  0x001aca                  _output_compare_config
                  0x000cfc                  _strchr
                  0x001a4c                  _uart_config
                  0x00123a                  fclose.XX_elo:_closeall
                  0x0005da                  sprintf_fF.XXeo:_eprout
                  0x0005f4                  sprintf_fF.XXeo:_prout
                  0x000622                  xprintf_fF.XXeo:_eprout

Memory Configuration

Name             Origin             Length             Attributes
data             0x000800           0x000800           a !xr
reset            0x000000           0x000004  
ivt              0x000004           0x0000fc  
_reserved        0x000100           0x000004  
aivt             0x000104           0x0000fc  
program          0x000200           0x005600           xr
FBS              0xf80000           0x000002  
FGS              0xf80004           0x000002  
FOSCSEL          0xf80006           0x000002  
FOSC             0xf80008           0x000002  
FWDT             0xf8000a           0x000002  
FPOR             0xf8000c           0x000002  
FICD             0xf8000e           0x000002  
FUID0            0xf80010           0x000002  
FUID1            0xf80012           0x000002  
FUID2            0xf80014           0x000002  
FUID3            0xf80016           0x000002  
*default*        0x000000           0xffffffff  

Linker script and memory map

LOAD build/default/production/main4.o
                    0x0001                  __MPLAB_BUILD = 0x1
LOAD p33FJ32MC204
LOAD d:/programas uni/bin/bin/../../lib\libfx-elf.a
                    0xf80000                  __FBS = 0xf80000
                    0xf80004                  __FGS = 0xf80004
                    0xf80006                  __FOSCSEL = 0xf80006
                    0xf80008                  __FOSC = 0xf80008
                    0xf8000a                  __FWDT = 0xf8000a
                    0xf8000c                  __FPOR = 0xf8000c
                    0xf8000e                  __FICD = 0xf8000e
                    0xf80010                  __FUID0 = 0xf80010
                    0xf80012                  __FUID1 = 0xf80012
                    0xf80014                  __FUID2 = 0xf80014
                    0xf80016                  __FUID3 = 0xf80016
                    0x0001                  __NO_HANDLES = 0x1
                    0x0200                  __CODE_BASE = 0x200
                    0x5600                  __CODE_LENGTH = 0x5600
                    0x0004                  __IVT_BASE = 0x4
                    0x0104                  __AIVT_BASE = 0x104
                    0x0800                  __DATA_BASE = 0x800
                    0x0800                  __DATA_LENGTH = 0x800
                    0x0c00                  __YDATA_BASE = 0xc00

.reset            0x000000          0x4
                  0x000000          0x2 SHORT 0x200 ABSOLUTE (__reset)
                  0x000001          0x2 SHORT 0x4
                  0x000002          0x2 SHORT 0x0 ((ABSOLUTE (__reset) >> 0x10) & 0x7f)
                  0x000003          0x2 SHORT 0x0

.text             0x000200       0x179a
 *(.init)
 .init            0x000200         0x4c d:/programas uni/bin/bin/../../lib\liblega-pic30-elf.a(crt0_standard.o)
                  0x000200                  __resetPRI
                  0x000200                  __reset
                  0x00023c                  __psv_init
 .init            0x00024c         0x7c d:/programas uni/bin/bin/../../lib\liblega-pic30-elf.a(data_init_standard.o)
                  0x000252                  __data_init_standard
                  0x000252                  __data_init
 *(.user_init)
 *(.handle)
 *(.isr*)
 .isr.text        0x0002dc         0x74 build/default/production/main4.o
                  0x0002dc                  __IC1Interrupt
                  0x000316                  __IC2Interrupt
 .isr             0x000350          0x4 default_isr
                  0x000350                  __DefaultInterrupt
 *(.libc)
 .libc            0x000354         0x12 d:/programas uni/bin/bin/../../lib\liblega-pic30-elf.a(close.Leo)
                  0x000354                  _close
 .libc            0x000366         0x84 d:/programas uni/bin/bin/../../lib\liblega-pic30-elf.a(write.Leo)
                  0x000366                  _write
 .libc            0x0003ea         0x12 d:/programas uni/bin/bin/../../lib\liblega-pic30-elf.a(remove.Leo)
                  0x0003ea                  _remove
 .libc            0x0003fc         0x28 d:/programas uni/bin/bin/../../lib\liblega-pic30-elf.a(sbrk.Leo)
                  0x0003fc                  _sbrk
 .libc            0x000424         0x1a d:/programas uni/bin/bin/../../lib\liblega-pic30-elf.a(brk.Lelo)
                  0x000424                  _brk
 *(.libm)
 *(.libdsp)
 *(.lib*)
 .libpic30_crt_start_mode
                  0x00043e          0x2 d:/programas uni/bin/bin/../../lib\liblega-pic30-elf.a(crt_start_mode_normal.Leo)
                  0x00043e                  __crt_start_mode
                  0x00043e                  __crt_start_mode_normal
 .libm.divfs3     0x000440         0x84 d:/programas uni/bin/bin/../../lib\libm-elf.a(divsf3.eo)
                  0x000440                  ___divsf3
 .libm.floatunsisf
                  0x0004c4          0x4 d:/programas uni/bin/bin/../../lib\libm-elf.a(floatunsisf.eo)
                  0x0004c4                  ___floatunsisf
 .libm.fpack      0x0004c8         0x4c d:/programas uni/bin/bin/../../lib\libm-elf.a(fpack.eo)
                  0x0004c8                  __fpack
 .libm.funpack2
                  0x000514         0x10 d:/programas uni/bin/bin/../../lib\libm-elf.a(funpack2.eo)
                  0x000514                  __funpack2
 .libm.fPropagateNaN
                  0x000524         0x12 d:/programas uni/bin/bin/../../lib\libm-elf.a(futil.eo)
                  0x000524                  __fPropagateNaN
 .libm.fbobExit
                  0x000536          0x8 d:/programas uni/bin/bin/../../lib\libm-elf.a(futil.eo)
                  0x000536                  __fbopExit
 .libm.fbopReturnNaN
                  0x00053e          0x6 d:/programas uni/bin/bin/../../lib\libm-elf.a(futil.eo)
                  0x00053e                  __fbopReturnNaN
 .libm.floatundisf
                  0x000544         0x5e d:/programas uni/bin/bin/../../lib\libm-elf.a(floatundisf.eo)
                  0x000544                  ___floatundisf
 .libm.funpack    0x0005a2         0x2a d:/programas uni/bin/bin/../../lib\libm-elf.a(funpack.eo)
                  0x0005a2                  __funpack
 .libc.memcpy     0x0005cc          0xe d:/programas uni/bin/bin/../../lib\liblega-c-elf.a(memcpy.XX_eo)
                  0x0005cc                  _memcpy
 .libc.eprout     0x0005da         0x1a d:/programas uni/bin/bin/../../lib\liblega-c-elf.a(sprintf_fF.XXeo)
                  0x0005da                  sprintf_fF.XXeo:_eprout
 .libc.prout      0x0005f4          0xe d:/programas uni/bin/bin/../../lib\liblega-c-elf.a(sprintf_fF.XXeo)
                  0x0005f4                  sprintf_fF.XXeo:_prout
 .libc._sprintf_fF
                  0x000602         0x20 d:/programas uni/bin/bin/../../lib\liblega-c-elf.a(sprintf_fF.XXeo)
                  0x000602                  __sprintf_fF
 .libc.eprout     0x000622         0x1e d:/programas uni/bin/bin/../../lib\liblega-c-elf.a(xprintf_fF.XXeo)
                  0x000622                  xprintf_fF.XXeo:_eprout
 .libc.__ePrintf_fF
                  0x000640        0x176 d:/programas uni/bin/bin/../../lib\liblega-c-elf.a(xprintf_fF.XXeo)
                  0x000640                  ___ePrintf_fF
 .libc.__Printf_fF
                  0x0007b6          0xa d:/programas uni/bin/bin/../../lib\liblega-c-elf.a(xprintf_fF.XXeo)
                  0x0007b6                  ___Printf_fF
 .libc.__Putfld_fF
                  0x0007c0         0xa4 d:/programas uni/bin/bin/../../lib\liblega-c-elf.a(xputfld_fF.XXeo)
                  0x0007c0                  ___Putfld_fF
 .libc.__Ldtob_fF
                  0x000864        0x250 d:/programas uni/bin/bin/../../lib\liblega-c-elf.a(xldtob_fF.XXeo)
                  0x000864                  ___Ldtob_fF
 .libc.__Genld_fF
                  0x000ab4        0x208 d:/programas uni/bin/bin/../../lib\liblega-c-elf.a(xgenld_fF.XXeo)
                  0x000ab4                  ___Genld_fF
 .libc.div        0x000cbc         0x16 d:/programas uni/bin/bin/../../lib\liblega-c-elf.a(div.XX_eo)
                  0x000cbc                  _div
 .libc.ldiv       0x000cd2         0x2a d:/programas uni/bin/bin/../../lib\liblega-c-elf.a(ldiv.XX_eo)
                  0x000cd2                  _ldiv
 .libc.strchr     0x000cfc         0x18 d:/programas uni/bin/bin/../../lib\liblega-c-elf.a(strchr.XX_eo)
                  0x000cfc                  _strchr
 .libc._LDunscale
                  0x000d14         0x54 d:/programas uni/bin/bin/../../lib\liblega-c-elf.a(xldunsca.XX_eo)
                  0x000d14                  __LDunscale
 .libc._Puttxt    0x000d68        0x1b4 d:/programas uni/bin/bin/../../lib\liblega-c-elf.a(xputtxt.XX_eo)
                  0x000d68                  __Puttxt
 .libc._Vacopy    0x000f1c          0x4 d:/programas uni/bin/bin/../../lib\liblega-c-elf.a(xvacopy.XX_eo)
                  0x000f1c                  __Vacopy
 .libc.efwrite    0x000f20         0xd8 d:/programas uni/bin/bin/../../lib\liblega-c-elf.a(efwrite.XX_eo)
                  0x000f20                  _efwrite
 .libc._DNKfflush
                  0x000ff8         0x76 d:/programas uni/bin/bin/../../lib\liblega-c-elf.a(fflush.XX_elo)
                  0x000ff8                  __DNKfflush
 .libc._Dnorm     0x00106e         0x98 d:/programas uni/bin/bin/../../lib\liblega-c-elf.a(xdnorm.XX_elo)
                  0x00106e                  __Dnorm
 .libc._Fwprep    0x001106         0x8e d:/programas uni/bin/bin/../../lib\liblega-c-elf.a(xfwprep.XX_eo)
                  0x001106                  __Fwprep
 .libc.closeallreg
                  0x001194          0x4 d:/programas uni/bin/bin/../../lib\liblega-c-elf.a(fclose.XX_elo)
 .libc._Closreg
                  0x001198         0x12 d:/programas uni/bin/bin/../../lib\liblega-c-elf.a(fclose.XX_elo)
                  0x001198                  __Closreg
 .libc.fclose     0x0011aa         0x90 d:/programas uni/bin/bin/../../lib\liblega-c-elf.a(fclose.XX_elo)
                  0x0011aa                  _fclose
 .libc.closeall
                  0x00123a         0x20 d:/programas uni/bin/bin/../../lib\liblega-c-elf.a(fclose.XX_elo)
                  0x00123a                  fclose.XX_elo:_closeall
 .libc._Atexit    0x00125a         0x18 d:/programas uni/bin/bin/../../lib\liblega-c-elf.a(xatexit.XX_elo)
                  0x00125a                  __Atexit
 .libc.free       0x001272         0x64 d:/programas uni/bin/bin/../../lib\liblega-c-elf.a(free.XX_eo)
                  0x001272                  _free
 .libc.findmem    0x0012d6         0x66 d:/programas uni/bin/bin/../../lib\liblega-c-elf.a(malloc.XX_eo)
 .libc.malloc     0x00133c         0x54 d:/programas uni/bin/bin/../../lib\liblega-c-elf.a(malloc.XX_eo)
                  0x00133c                  _malloc
 .libc._Getmem    0x001390         0x14 d:/programas uni/bin/bin/../../lib\liblega-c-elf.a(xgetmem.XX_eo)
                  0x001390                  __Getmem
 .libc.doclose    0x0013a4          0x4 d:/programas uni/bin/bin/../../lib\liblega-pic30-elf.a(close.Leo)
 .libc.dowrite    0x0013a8          0x4 d:/programas uni/bin/bin/../../lib\liblega-pic30-elf.a(write.Leo)
 .libc.doremove
                  0x0013ac          0x4 d:/programas uni/bin/bin/../../lib\liblega-pic30-elf.a(remove.Leo)
 .libc.memcpy_eds
                  0x0013b0         0x3a d:/programas uni/bin/bin/../../lib\liblega-pic30-elf.a(memcpy_eds.Leo)
                  0x0013b0                  __memcpy_eds_3
                  0x0013b0                  __memcpy_eds
 .libc._memchr_eds
                  0x0013ea         0x36 d:/programas uni/bin/bin/../../lib\liblega-pic30-elf.a(memchr_eds.Leo)
                  0x0013ea                  __memchr_eds
 .libm.eqdf2      0x001420          0xa d:/programas uni/bin/bin/../../lib\libm-elf.a(deqltle.eo)
                  0x001420                  ___eqdf2
                  0x001420                  ___ltdf2
                  0x001420                  ___ledf2
 .libm.gtdf2      0x00142a          0xa d:/programas uni/bin/bin/../../lib\libm-elf.a(dgtge.eo)
                  0x00142a                  ___gtdf2
                  0x00142a                  ___gedf2
 .libm.divdf3     0x001434         0xb4 d:/programas uni/bin/bin/../../lib\libm-elf.a(divdf3.eo)
                  0x001434                  ___divdf3
 .libm.divsi3     0x0014e8         0x1e d:/programas uni/bin/bin/../../lib\libm-elf.a(divsi3.eo)
                  0x0014e8                  ___divsi3
 .libm.dpack      0x001506         0x58 d:/programas uni/bin/bin/../../lib\libm-elf.a(dpack.eo)
                  0x001506                  __dpack
 .libm.dunpack2
                  0x00155e         0x32 d:/programas uni/bin/bin/../../lib\libm-elf.a(dunpack2.eo)
                  0x00155e                  __dunpack2
                  0x001580                  __dreturnNaN
                  0x001586                  __dunpack2exit
 .libm.extendsfdf2
                  0x001590         0x3e d:/programas uni/bin/bin/../../lib\libm-elf.a(extendsfdf.eo)
                  0x001590                  ___extendsfdf2
 .libm.fixdfsi    0x0015ce         0x58 d:/programas uni/bin/bin/../../lib\libm-elf.a(fixdfsi.eo)
                  0x0015ce                  _(float, int, long long, double, float, short, int)
 .libm.floatsidf
                  0x001626          0x6 d:/programas uni/bin/bin/../../lib\libm-elf.a(floatsidf.eo)
                  0x001626                  ___floatsidf
 .libm.muldf3     0x00162c         0xec d:/programas uni/bin/bin/../../lib\libm-elf.a(muldf3.eo)
                  0x00162c                  ___muldf3
 .libm.subdf3     0x001718          0x4 d:/programas uni/bin/bin/../../lib\libm-elf.a(subdf3.eo)
                  0x001718                  ___subdf3
 .libm.udivsi3    0x00171c         0x20 d:/programas uni/bin/bin/../../lib\libm-elf.a(udivsi3.eo)
                  0x00171c                  ___udivsi3
 .libm.mulsi3     0x00173c          0xc d:/programas uni/bin/bin/../../lib\libm-elf.a(mulsi3.eo)
                  0x00173c                  ___mulp32peds3
                  0x00173c                  ___mulsi3
                  0x00173c                  ___mulp32eds3
 .libm.adddf3     0x001748         0xfc d:/programas uni/bin/bin/../../lib\libm-elf.a(adddf3.eo)
                  0x001748                  ___adddf3
 .libm.dcompare
                  0x001844         0x52 d:/programas uni/bin/bin/../../lib\libm-elf.a(dcompare.eo)
                  0x001844                  __dcompare
 .libm.dPropagateNaN
                  0x001896         0x1c d:/programas uni/bin/bin/../../lib\libm-elf.a(dpropagateNaN.eo)
                  0x001896                  __dPropagateNaN
 .libm.dtype      0x0018b2         0x24 d:/programas uni/bin/bin/../../lib\libm-elf.a(dtype.eo)
                  0x0018b2                  __dtype
 .libm.dunpack    0x0018d6         0x4e d:/programas uni/bin/bin/../../lib\libm-elf.a(dunpack.eo)
                  0x0018d6                  __dunpack
 .libm.floatdidf
                  0x001924         0x20 d:/programas uni/bin/bin/../../lib\libm-elf.a(floatdidf.eo)
                  0x001924                  ___floatdidf
 .libm.floatundidf
                  0x001944         0x56 d:/programas uni/bin/bin/../../lib\libm-elf.a(floatundidf.eo)
                  0x001944                  ___floatundidf

usercode
 *(usercode)

__FBS             0xf80000          0x2
 *(__FBS.sec*)
 __FBS.sec        0xf80000          0x2 /CW/_FBSÐã@
                  0xf80000                  __FBS.sec

__FGS             0xf80004          0x2
 *(__FGS.sec*)
 __FGS.sec        0xf80004          0x2 /CW/_FGS
                  0xf80004                  __FGS.sec

__FOSCSEL
 *(__FOSCSEL.sec*)

__FOSC
 *(__FOSC.sec*)

__FWDT
 *(__FWDT.sec*)

__FPOR
 *(__FPOR.sec*)

__FICD
 *(__FICD.sec*)

__FUID0
 *(__FUID0.sec*)

__FUID1
 *(__FUID1.sec*)

__FUID2
 *(__FUID2.sec*)

__FUID3
 *(__FUID3.sec*)

.comment          0x000000         0x5e
 *(.comment)
 .comment         0x000000         0x5e d:/programas uni/bin/bin/../../lib\liblega-c-elf.a(xfiles.XX_elo)

.debug_info       0x000000       0x2b18
 *(.debug_info)
 .debug_info      0x000000       0x2b18 build/default/production/main4.o
 *(.gnu.linkonce.wi.*)

.debug_abbrev     0x000000        0x1c3
 *(.debug_abbrev)
 .debug_abbrev    0x000000        0x1c3 build/default/production/main4.o

.debug_line       0x000000        0x191
 *(.debug_line)
 .debug_line      0x000000        0x191 build/default/production/main4.o

.debug_frame      0x000000        0x120
 *(.debug_frame)
 .debug_frame     0x000000        0x120 build/default/production/main4.o

.debug_str        0x000000        0x17a
 *(.debug_str)
 .debug_str       0x000000        0x17a build/default/production/main4.o

.debug_loc
 *(.debug_loc)

.debug_macinfo
 *(.debug_macinfo)

.debug_pubnames
                  0x000000        0x1ab
 *(.debug_pubnames)
 .debug_pubnames
                  0x000000        0x1ab build/default/production/main4.o

.debug_ranges
 *(.debug_ranges)

.debug_aranges    0x000000         0x18
 *(.debug_aranges)
 .debug_aranges
                  0x000000         0x18 build/default/production/main4.o
                    0x0000                  WREG0 = 0x0
                    0x0000                  _WREG0 = 0x0
                    0x0002                  WREG1 = 0x2
                    0x0002                  _WREG1 = 0x2
                    0x0004                  WREG2 = 0x4
                    0x0004                  _WREG2 = 0x4
                    0x0006                  WREG3 = 0x6
                    0x0006                  _WREG3 = 0x6
                    0x0008                  WREG4 = 0x8
                    0x0008                  _WREG4 = 0x8
                    0x000a                  WREG5 = 0xa
                    0x000a                  _WREG5 = 0xa
                    0x000c                  WREG6 = 0xc
                    0x000c                  _WREG6 = 0xc
                    0x000e                  WREG7 = 0xe
                    0x000e                  _WREG7 = 0xe
                    0x0010                  WREG8 = 0x10
                    0x0010                  _WREG8 = 0x10
                    0x0012                  WREG9 = 0x12
                    0x0012                  _WREG9 = 0x12
                    0x0014                  WREG10 = 0x14
                    0x0014                  _WREG10 = 0x14
                    0x0016                  WREG11 = 0x16
                    0x0016                  _WREG11 = 0x16
                    0x0018                  WREG12 = 0x18
                    0x0018                  _WREG12 = 0x18
                    0x001a                  WREG13 = 0x1a
                    0x001a                  _WREG13 = 0x1a
                    0x001c                  WREG14 = 0x1c
                    0x001c                  _WREG14 = 0x1c
                    0x001e                  WREG15 = 0x1e
                    0x001e                  _WREG15 = 0x1e
                    0x0020                  SPLIM = 0x20
                    0x0020                  _SPLIM = 0x20
                    0x0022                  ACCAL = 0x22
                    0x0022                  _ACCAL = 0x22
                    0x0024                  ACCAH = 0x24
                    0x0024                  _ACCAH = 0x24
                    0x0026                  ACCAU = 0x26
                    0x0026                  _ACCAU = 0x26
                    0x0028                  ACCBL = 0x28
                    0x0028                  _ACCBL = 0x28
                    0x002a                  ACCBH = 0x2a
                    0x002a                  _ACCBH = 0x2a
                    0x002c                  ACCBU = 0x2c
                    0x002c                  _ACCBU = 0x2c
                    0x002e                  PCL = 0x2e
                    0x002e                  _PCL = 0x2e
                    0x0030                  PCH = 0x30
                    0x0030                  _PCH = 0x30
                    0x0032                  TBLPAG = 0x32
                    0x0032                  _TBLPAG = 0x32
                    0x0034                  PSVPAG = 0x34
                    0x0034                  _PSVPAG = 0x34
                    0x0036                  RCOUNT = 0x36
                    0x0036                  _RCOUNT = 0x36
                    0x0038                  DCOUNT = 0x38
                    0x0038                  _DCOUNT = 0x38
                    0x003a                  DOSTARTL = 0x3a
                    0x003a                  _DOSTARTL = 0x3a
                    0x003c                  DOSTARTH = 0x3c
                    0x003c                  _DOSTARTH = 0x3c
                    0x003e                  DOENDL = 0x3e
                    0x003e                  _DOENDL = 0x3e
                    0x0040                  DOENDH = 0x40
                    0x0040                  _DOENDH = 0x40
                    0x0042                  SR = 0x42
                    0x0042                  _SR = 0x42
                    0x0042                  _SRbits = 0x42
                    0x0044                  CORCON = 0x44
                    0x0044                  _CORCON = 0x44
                    0x0044                  _CORCONbits = 0x44
                    0x0046                  MODCON = 0x46
                    0x0046                  _MODCON = 0x46
                    0x0046                  _MODCONbits = 0x46
                    0x0048                  XMODSRT = 0x48
                    0x0048                  _XMODSRT = 0x48
                    0x004a                  XMODEND = 0x4a
                    0x004a                  _XMODEND = 0x4a
                    0x004c                  YMODSRT = 0x4c
                    0x004c                  _YMODSRT = 0x4c
                    0x004e                  YMODEND = 0x4e
                    0x004e                  _YMODEND = 0x4e
                    0x0050                  XBREV = 0x50
                    0x0050                  _XBREV = 0x50
                    0x0050                  _XBREVbits = 0x50
                    0x0052                  DISICNT = 0x52
                    0x0052                  _DISICNT = 0x52
                    0x0060                  CNEN1 = 0x60
                    0x0060                  _CNEN1 = 0x60
                    0x0060                  _CNEN1bits = 0x60
                    0x0062                  CNEN2 = 0x62
                    0x0062                  _CNEN2 = 0x62
                    0x0062                  _CNEN2bits = 0x62
                    0x0068                  CNPU1 = 0x68
                    0x0068                  _CNPU1 = 0x68
                    0x0068                  _CNPU1bits = 0x68
                    0x006a                  CNPU2 = 0x6a
                    0x006a                  _CNPU2 = 0x6a
                    0x006a                  _CNPU2bits = 0x6a
                    0x0080                  INTCON1 = 0x80
                    0x0080                  _INTCON1 = 0x80
                    0x0080                  _INTCON1bits = 0x80
                    0x0082                  INTCON2 = 0x82
                    0x0082                  _INTCON2 = 0x82
                    0x0082                  _INTCON2bits = 0x82
                    0x0084                  IFS0 = 0x84
                    0x0084                  _IFS0 = 0x84
                    0x0084                  _IFS0bits = 0x84
                    0x0086                  IFS1 = 0x86
                    0x0086                  _IFS1 = 0x86
                    0x0086                  _IFS1bits = 0x86
                    0x008a                  IFS3 = 0x8a
                    0x008a                  _IFS3 = 0x8a
                    0x008a                  _IFS3bits = 0x8a
                    0x008c                  IFS4 = 0x8c
                    0x008c                  _IFS4 = 0x8c
                    0x008c                  _IFS4bits = 0x8c
                    0x0094                  IEC0 = 0x94
                    0x0094                  _IEC0 = 0x94
                    0x0094                  _IEC0bits = 0x94
                    0x0096                  IEC1 = 0x96
                    0x0096                  _IEC1 = 0x96
                    0x0096                  _IEC1bits = 0x96
                    0x009a                  IEC3 = 0x9a
                    0x009a                  _IEC3 = 0x9a
                    0x009a                  _IEC3bits = 0x9a
                    0x009c                  IEC4 = 0x9c
                    0x009c                  _IEC4 = 0x9c
                    0x009c                  _IEC4bits = 0x9c
                    0x00a4                  IPC0 = 0xa4
                    0x00a4                  _IPC0 = 0xa4
                    0x00a4                  _IPC0bits = 0xa4
                    0x00a6                  IPC1 = 0xa6
                    0x00a6                  _IPC1 = 0xa6
                    0x00a6                  _IPC1bits = 0xa6
                    0x00a8                  IPC2 = 0xa8
                    0x00a8                  _IPC2 = 0xa8
                    0x00a8                  _IPC2bits = 0xa8
                    0x00aa                  IPC3 = 0xaa
                    0x00aa                  _IPC3 = 0xaa
                    0x00aa                  _IPC3bits = 0xaa
                    0x00ac                  IPC4 = 0xac
                    0x00ac                  _IPC4 = 0xac
                    0x00ac                  _IPC4bits = 0xac
                    0x00ae                  IPC5 = 0xae
                    0x00ae                  _IPC5 = 0xae
                    0x00ae                  _IPC5bits = 0xae
                    0x00b2                  IPC7 = 0xb2
                    0x00b2                  _IPC7 = 0xb2
                    0x00b2                  _IPC7bits = 0xb2
                    0x00c0                  IPC14 = 0xc0
                    0x00c0                  _IPC14 = 0xc0
                    0x00c0                  _IPC14bits = 0xc0
                    0x00c2                  IPC15 = 0xc2
                    0x00c2                  _IPC15 = 0xc2
                    0x00c2                  _IPC15bits = 0xc2
                    0x00c4                  IPC16 = 0xc4
                    0x00c4                  _IPC16 = 0xc4
                    0x00c4                  _IPC16bits = 0xc4
                    0x00c8                  IPC18 = 0xc8
                    0x00c8                  _IPC18 = 0xc8
                    0x00c8                  _IPC18bits = 0xc8
                    0x00e0                  INTTREG = 0xe0
                    0x00e0                  _INTTREG = 0xe0
                    0x00e0                  _INTTREGbits = 0xe0
                    0x0100                  TMR1 = 0x100
                    0x0100                  _TMR1 = 0x100
                    0x0102                  PR1 = 0x102
                    0x0102                  _PR1 = 0x102
                    0x0104                  T1CON = 0x104
                    0x0104                  _T1CON = 0x104
                    0x0104                  _T1CONbits = 0x104
                    0x0106                  TMR2 = 0x106
                    0x0106                  _TMR2 = 0x106
                    0x0108                  TMR3HLD = 0x108
                    0x0108                  _TMR3HLD = 0x108
                    0x010a                  TMR3 = 0x10a
                    0x010a                  _TMR3 = 0x10a
                    0x010c                  PR2 = 0x10c
                    0x010c                  _PR2 = 0x10c
                    0x010e                  PR3 = 0x10e
                    0x010e                  _PR3 = 0x10e
                    0x0110                  T2CON = 0x110
                    0x0110                  _T2CON = 0x110
                    0x0110                  _T2CONbits = 0x110
                    0x0112                  T3CON = 0x112
                    0x0112                  _T3CON = 0x112
                    0x0112                  _T3CONbits = 0x112
                    0x0140                  IC1BUF = 0x140
                    0x0140                  _IC1BUF = 0x140
                    0x0142                  IC1CON = 0x142
                    0x0142                  _IC1CON = 0x142
                    0x0142                  _IC1CONbits = 0x142
                    0x0144                  IC2BUF = 0x144
                    0x0144                  _IC2BUF = 0x144
                    0x0146                  IC2CON = 0x146
                    0x0146                  _IC2CON = 0x146
                    0x0146                  _IC2CONbits = 0x146
                    0x0158                  IC7BUF = 0x158
                    0x0158                  _IC7BUF = 0x158
                    0x015a                  IC7CON = 0x15a
                    0x015a                  _IC7CON = 0x15a
                    0x015a                  _IC7CONbits = 0x15a
                    0x015c                  IC8BUF = 0x15c
                    0x015c                  _IC8BUF = 0x15c
                    0x015e                  IC8CON = 0x15e
                    0x015e                  _IC8CON = 0x15e
                    0x015e                  _IC8CONbits = 0x15e
                    0x0180                  OC1RS = 0x180
                    0x0180                  _OC1RS = 0x180
                    0x0182                  OC1R = 0x182
                    0x0182                  _OC1R = 0x182
                    0x0184                  OC1CON = 0x184
                    0x0184                  _OC1CON = 0x184
                    0x0184                  _OC1CONbits = 0x184
                    0x0186                  OC2RS = 0x186
                    0x0186                  _OC2RS = 0x186
                    0x0188                  OC2R = 0x188
                    0x0188                  _OC2R = 0x188
                    0x018a                  OC2CON = 0x18a
                    0x018a                  _OC2CON = 0x18a
                    0x018a                  _OC2CONbits = 0x18a
                    0x01c0                  P1TCON = 0x1c0
                    0x01c0                  _P1TCON = 0x1c0
                    0x01c0                  _P1TCONbits = 0x1c0
                    0x01c0                  PTCON = 0x1c0
                    0x01c0                  _PTCON = 0x1c0
                    0x01c0                  _PTCONbits = 0x1c0
                    0x01c2                  P1TMR = 0x1c2
                    0x01c2                  _P1TMR = 0x1c2
                    0x01c2                  _P1TMRbits = 0x1c2
                    0x01c2                  PTMR = 0x1c2
                    0x01c2                  _PTMR = 0x1c2
                    0x01c2                  _PTMRbits = 0x1c2
                    0x01c4                  P1TPER = 0x1c4
                    0x01c4                  _P1TPER = 0x1c4
                    0x01c4                  _P1TPERbits = 0x1c4
                    0x01c4                  PTPER = 0x1c4
                    0x01c4                  _PTPER = 0x1c4
                    0x01c4                  _PTPERbits = 0x1c4
                    0x01c6                  P1SECMP = 0x1c6
                    0x01c6                  _P1SECMP = 0x1c6
                    0x01c6                  _P1SECMPbits = 0x1c6
                    0x01c6                  SEVTCMP = 0x1c6
                    0x01c6                  _SEVTCMP = 0x1c6
                    0x01c6                  _SEVTCMPbits = 0x1c6
                    0x01c8                  PWM1CON1 = 0x1c8
                    0x01c8                  _PWM1CON1 = 0x1c8
                    0x01c8                  _PWM1CON1bits = 0x1c8
                    0x01c8                  PWMCON1 = 0x1c8
                    0x01c8                  _PWMCON1 = 0x1c8
                    0x01c8                  _PWMCON1bits = 0x1c8
                    0x01ca                  PWM1CON2 = 0x1ca
                    0x01ca                  _PWM1CON2 = 0x1ca
                    0x01ca                  _PWM1CON2bits = 0x1ca
                    0x01ca                  PWMCON2 = 0x1ca
                    0x01ca                  _PWMCON2 = 0x1ca
                    0x01ca                  _PWMCON2bits = 0x1ca
                    0x01cc                  DTCON1 = 0x1cc
                    0x01cc                  _DTCON1 = 0x1cc
                    0x01cc                  _DTCON1bits = 0x1cc
                    0x01cc                  P1DTCON1 = 0x1cc
                    0x01cc                  _P1DTCON1 = 0x1cc
                    0x01cc                  _P1DTCON1bits = 0x1cc
                    0x01ce                  DTCON2 = 0x1ce
                    0x01ce                  _DTCON2 = 0x1ce
                    0x01ce                  _DTCON2bits = 0x1ce
                    0x01ce                  P1DTCON2 = 0x1ce
                    0x01ce                  _P1DTCON2 = 0x1ce
                    0x01ce                  _P1DTCON2bits = 0x1ce
                    0x01d0                  FLTACON = 0x1d0
                    0x01d0                  _FLTACON = 0x1d0
                    0x01d0                  _FLTACONbits = 0x1d0
                    0x01d0                  P1FLTACON = 0x1d0
                    0x01d0                  _P1FLTACON = 0x1d0
                    0x01d0                  _P1FLTACONbits = 0x1d0
                    0x01d4                  OVDCON = 0x1d4
                    0x01d4                  _OVDCON = 0x1d4
                    0x01d4                  _OVDCONbits = 0x1d4
                    0x01d4                  P1OVDCON = 0x1d4
                    0x01d4                  _P1OVDCON = 0x1d4
                    0x01d4                  _P1OVDCONbits = 0x1d4
                    0x01d6                  P1DC1 = 0x1d6
                    0x01d6                  _P1DC1 = 0x1d6
                    0x01d6                  PDC1 = 0x1d6
                    0x01d6                  _PDC1 = 0x1d6
                    0x01d8                  P1DC2 = 0x1d8
                    0x01d8                  _P1DC2 = 0x1d8
                    0x01d8                  PDC2 = 0x1d8
                    0x01d8                  _PDC2 = 0x1d8
                    0x01da                  P1DC3 = 0x1da
                    0x01da                  _P1DC3 = 0x1da
                    0x01da                  PDC3 = 0x1da
                    0x01da                  _PDC3 = 0x1da
                    0x01e0                  QEI1CON = 0x1e0
                    0x01e0                  _QEI1CON = 0x1e0
                    0x01e0                  _QEI1CONbits = 0x1e0
                    0x01e0                  QEICON = 0x1e0
                    0x01e0                  _QEICON = 0x1e0
                    0x01e0                  _QEICONbits = 0x1e0
                    0x01e2                  DFLT1CON = 0x1e2
                    0x01e2                  _DFLT1CON = 0x1e2
                    0x01e2                  _DFLT1CONbits = 0x1e2
                    0x01e2                  DFLTCON = 0x1e2
                    0x01e2                  _DFLTCON = 0x1e2
                    0x01e2                  _DFLTCONbits = 0x1e2
                    0x01e4                  POS1CNT = 0x1e4
                    0x01e4                  _POS1CNT = 0x1e4
                    0x01e4                  POSCNT = 0x1e4
                    0x01e4                  _POSCNT = 0x1e4
                    0x01e6                  MAX1CNT = 0x1e6
                    0x01e6                  _MAX1CNT = 0x1e6
                    0x01e6                  MAXCNT = 0x1e6
                    0x01e6                  _MAXCNT = 0x1e6
                    0x0200                  I2C1RCV = 0x200
                    0x0200                  _I2C1RCV = 0x200
                    0x0200                  I2CRCV = 0x200
                    0x0200                  _I2CRCV = 0x200
                    0x0202                  I2C1TRN = 0x202
                    0x0202                  _I2C1TRN = 0x202
                    0x0202                  I2CTRN = 0x202
                    0x0202                  _I2CTRN = 0x202
                    0x0204                  I2C1BRG = 0x204
                    0x0204                  _I2C1BRG = 0x204
                    0x0206                  I2C1CON = 0x206
                    0x0206                  _I2C1CON = 0x206
                    0x0206                  _I2C1CONbits = 0x206
                    0x0206                  I2CCON = 0x206
                    0x0206                  _I2CCON = 0x206
                    0x0206                  _I2CCONbits = 0x206
                    0x0208                  I2C1STAT = 0x208
                    0x0208                  _I2C1STAT = 0x208
                    0x0208                  _I2C1STATbits = 0x208
                    0x0208                  I2CSTAT = 0x208
                    0x0208                  _I2CSTAT = 0x208
                    0x0208                  _I2CSTATbits = 0x208
                    0x020a                  I2C1ADD = 0x20a
                    0x020a                  _I2C1ADD = 0x20a
                    0x020a                  I2CADD = 0x20a
                    0x020a                  _I2CADD = 0x20a
                    0x020c                  I2C1MSK = 0x20c
                    0x020c                  _I2C1MSK = 0x20c
                    0x0220                  U1MODE = 0x220
                    0x0220                  _U1MODE = 0x220
                    0x0220                  _U1MODEbits = 0x220
                    0x0222                  U1STA = 0x222
                    0x0222                  _U1STA = 0x222
                    0x0222                  _U1STAbits = 0x222
                    0x0224                  U1TXREG = 0x224
                    0x0224                  _U1TXREG = 0x224
                    0x0224                  _U1TXREGbits = 0x224
                    0x0226                  U1RXREG = 0x226
                    0x0226                  _U1RXREG = 0x226
                    0x0226                  _U1RXREGbits = 0x226
                    0x0228                  U1BRG = 0x228
                    0x0228                  _U1BRG = 0x228
                    0x0240                  SPI1STAT = 0x240
                    0x0240                  _SPI1STAT = 0x240
                    0x0240                  _SPI1STATbits = 0x240
                    0x0242                  SPI1CON1 = 0x242
                    0x0242                  _SPI1CON1 = 0x242
                    0x0242                  _SPI1CON1bits = 0x242
                    0x0244                  SPI1CON2 = 0x244
                    0x0244                  _SPI1CON2 = 0x244
                    0x0244                  _SPI1CON2bits = 0x244
                    0x0248                  SPI1BUF = 0x248
                    0x0248                  _SPI1BUF = 0x248
                    0x02c0                  TRISA = 0x2c0
                    0x02c0                  _TRISA = 0x2c0
                    0x02c0                  _TRISAbits = 0x2c0
                    0x02c2                  PORTA = 0x2c2
                    0x02c2                  _PORTA = 0x2c2
                    0x02c2                  _PORTAbits = 0x2c2
                    0x02c4                  LATA = 0x2c4
                    0x02c4                  _LATA = 0x2c4
                    0x02c4                  _LATAbits = 0x2c4
                    0x02c6                  ODCA = 0x2c6
                    0x02c6                  _ODCA = 0x2c6
                    0x02c6                  _ODCAbits = 0x2c6
                    0x02c8                  TRISB = 0x2c8
                    0x02c8                  _TRISB = 0x2c8
                    0x02c8                  _TRISBbits = 0x2c8
                    0x02ca                  PORTB = 0x2ca
                    0x02ca                  _PORTB = 0x2ca
                    0x02ca                  _PORTBbits = 0x2ca
                    0x02cc                  LATB = 0x2cc
                    0x02cc                  _LATB = 0x2cc
                    0x02cc                  _LATBbits = 0x2cc
                    0x02ce                  ODCB = 0x2ce
                    0x02ce                  _ODCB = 0x2ce
                    0x02ce                  _ODCBbits = 0x2ce
                    0x02d0                  TRISC = 0x2d0
                    0x02d0                  _TRISC = 0x2d0
                    0x02d0                  _TRISCbits = 0x2d0
                    0x02d2                  PORTC = 0x2d2
                    0x02d2                  _PORTC = 0x2d2
                    0x02d2                  _PORTCbits = 0x2d2
                    0x02d4                  LATC = 0x2d4
                    0x02d4                  _LATC = 0x2d4
                    0x02d4                  _LATCbits = 0x2d4
                    0x02d6                  ODCC = 0x2d6
                    0x02d6                  _ODCC = 0x2d6
                    0x02d6                  _ODCCbits = 0x2d6
                    0x0300                  ADC1BUF0 = 0x300
                    0x0300                  _ADC1BUF0 = 0x300
                    0x0300                  ADCBUF0 = 0x300
                    0x0300                  _ADCBUF0 = 0x300
                    0x0302                  ADC1BUF1 = 0x302
                    0x0302                  _ADC1BUF1 = 0x302
                    0x0302                  ADCBUF1 = 0x302
                    0x0302                  _ADCBUF1 = 0x302
                    0x0304                  ADC1BUF2 = 0x304
                    0x0304                  _ADC1BUF2 = 0x304
                    0x0304                  ADCBUF2 = 0x304
                    0x0304                  _ADCBUF2 = 0x304
                    0x0306                  ADC1BUF3 = 0x306
                    0x0306                  _ADC1BUF3 = 0x306
                    0x0306                  ADCBUF3 = 0x306
                    0x0306                  _ADCBUF3 = 0x306
                    0x0308                  ADC1BUF4 = 0x308
                    0x0308                  _ADC1BUF4 = 0x308
                    0x0308                  ADCBUF4 = 0x308
                    0x0308                  _ADCBUF4 = 0x308
                    0x030a                  ADC1BUF5 = 0x30a
                    0x030a                  _ADC1BUF5 = 0x30a
                    0x030a                  ADCBUF5 = 0x30a
                    0x030a                  _ADCBUF5 = 0x30a
                    0x030c                  ADC1BUF6 = 0x30c
                    0x030c                  _ADC1BUF6 = 0x30c
                    0x030c                  ADCBUF6 = 0x30c
                    0x030c                  _ADCBUF6 = 0x30c
                    0x030e                  ADC1BUF7 = 0x30e
                    0x030e                  _ADC1BUF7 = 0x30e
                    0x030e                  ADCBUF7 = 0x30e
                    0x030e                  _ADCBUF7 = 0x30e
                    0x0310                  ADC1BUF8 = 0x310
                    0x0310                  _ADC1BUF8 = 0x310
                    0x0310                  ADCBUF8 = 0x310
                    0x0310                  _ADCBUF8 = 0x310
                    0x0312                  ADC1BUF9 = 0x312
                    0x0312                  _ADC1BUF9 = 0x312
                    0x0312                  ADCBUF9 = 0x312
                    0x0312                  _ADCBUF9 = 0x312
                    0x0314                  ADC1BUFA = 0x314
                    0x0314                  _ADC1BUFA = 0x314
                    0x0314                  ADCBUFA = 0x314
                    0x0314                  _ADCBUFA = 0x314
                    0x0316                  ADC1BUFB = 0x316
                    0x0316                  _ADC1BUFB = 0x316
                    0x0316                  ADCBUFB = 0x316
                    0x0316                  _ADCBUFB = 0x316
                    0x0318                  ADC1BUFC = 0x318
                    0x0318                  _ADC1BUFC = 0x318
                    0x0318                  ADCBUFC = 0x318
                    0x0318                  _ADCBUFC = 0x318
                    0x031a                  ADC1BUFD = 0x31a
                    0x031a                  _ADC1BUFD = 0x31a
                    0x031a                  ADCBUFD = 0x31a
                    0x031a                  _ADCBUFD = 0x31a
                    0x031c                  ADC1BUFE = 0x31c
                    0x031c                  _ADC1BUFE = 0x31c
                    0x031c                  ADCBUFE = 0x31c
                    0x031c                  _ADCBUFE = 0x31c
                    0x031e                  ADC1BUFF = 0x31e
                    0x031e                  _ADC1BUFF = 0x31e
                    0x031e                  ADCBUFF = 0x31e
                    0x031e                  _ADCBUFF = 0x31e
                    0x0320                  AD1CON1 = 0x320
                    0x0320                  _AD1CON1 = 0x320
                    0x0320                  _AD1CON1bits = 0x320
                    0x0322                  AD1CON2 = 0x322
                    0x0322                  _AD1CON2 = 0x322
                    0x0322                  _AD1CON2bits = 0x322
                    0x0324                  AD1CON3 = 0x324
                    0x0324                  _AD1CON3 = 0x324
                    0x0324                  _AD1CON3bits = 0x324
                    0x0326                  AD1CHS123 = 0x326
                    0x0326                  _AD1CHS123 = 0x326
                    0x0326                  _AD1CHS123bits = 0x326
                    0x0328                  AD1CHS0 = 0x328
                    0x0328                  _AD1CHS0 = 0x328
                    0x0328                  _AD1CHS0bits = 0x328
                    0x032c                  AD1PCFGL = 0x32c
                    0x032c                  _AD1PCFGL = 0x32c
                    0x032c                  _AD1PCFGLbits = 0x32c
                    0x032c                  ADPCFG = 0x32c
                    0x032c                  _ADPCFG = 0x32c
                    0x032c                  _ADPCFGbits = 0x32c
                    0x0330                  AD1CSSL = 0x330
                    0x0330                  _AD1CSSL = 0x330
                    0x0330                  _AD1CSSLbits = 0x330
                    0x05c0                  P2TCON = 0x5c0
                    0x05c0                  _P2TCON = 0x5c0
                    0x05c0                  _P2TCONbits = 0x5c0
                    0x05c2                  P2TMR = 0x5c2
                    0x05c2                  _P2TMR = 0x5c2
                    0x05c2                  _P2TMRbits = 0x5c2
                    0x05c4                  P2TPER = 0x5c4
                    0x05c4                  _P2TPER = 0x5c4
                    0x05c4                  _P2TPERbits = 0x5c4
                    0x05c6                  P2SECMP = 0x5c6
                    0x05c6                  _P2SECMP = 0x5c6
                    0x05c6                  _P2SECMPbits = 0x5c6
                    0x05c8                  PWM2CON1 = 0x5c8
                    0x05c8                  _PWM2CON1 = 0x5c8
                    0x05c8                  _PWM2CON1bits = 0x5c8
                    0x05ca                  PWM2CON2 = 0x5ca
                    0x05ca                  _PWM2CON2 = 0x5ca
                    0x05ca                  _PWM2CON2bits = 0x5ca
                    0x05cc                  P2DTCON1 = 0x5cc
                    0x05cc                  _P2DTCON1 = 0x5cc
                    0x05cc                  _P2DTCON1bits = 0x5cc
                    0x05ce                  P2DTCON2 = 0x5ce
                    0x05ce                  _P2DTCON2 = 0x5ce
                    0x05ce                  _P2DTCON2bits = 0x5ce
                    0x05d0                  P2FLTACON = 0x5d0
                    0x05d0                  _P2FLTACON = 0x5d0
                    0x05d0                  _P2FLTACONbits = 0x5d0
                    0x05d4                  P2OVDCON = 0x5d4
                    0x05d4                  _P2OVDCON = 0x5d4
                    0x05d4                  _P2OVDCONbits = 0x5d4
                    0x05d6                  P2DC1 = 0x5d6
                    0x05d6                  _P2DC1 = 0x5d6
                    0x0680                  RPINR0 = 0x680
                    0x0680                  _RPINR0 = 0x680
                    0x0680                  _RPINR0bits = 0x680
                    0x0682                  RPINR1 = 0x682
                    0x0682                  _RPINR1 = 0x682
                    0x0682                  _RPINR1bits = 0x682
                    0x0686                  RPINR3 = 0x686
                    0x0686                  _RPINR3 = 0x686
                    0x0686                  _RPINR3bits = 0x686
                    0x068e                  RPINR7 = 0x68e
                    0x068e                  _RPINR7 = 0x68e
                    0x068e                  _RPINR7bits = 0x68e
                    0x0694                  RPINR10 = 0x694
                    0x0694                  _RPINR10 = 0x694
                    0x0694                  _RPINR10bits = 0x694
                    0x0696                  RPINR11 = 0x696
                    0x0696                  _RPINR11 = 0x696
                    0x0696                  _RPINR11bits = 0x696
                    0x0698                  RPINR12 = 0x698
                    0x0698                  _RPINR12 = 0x698
                    0x0698                  _RPINR12bits = 0x698
                    0x069a                  RPINR13 = 0x69a
                    0x069a                  _RPINR13 = 0x69a
                    0x069a                  _RPINR13bits = 0x69a
                    0x069c                  RPINR14 = 0x69c
                    0x069c                  _RPINR14 = 0x69c
                    0x069c                  _RPINR14bits = 0x69c
                    0x069e                  RPINR15 = 0x69e
                    0x069e                  _RPINR15 = 0x69e
                    0x069e                  _RPINR15bits = 0x69e
                    0x06a4                  RPINR18 = 0x6a4
                    0x06a4                  _RPINR18 = 0x6a4
                    0x06a4                  _RPINR18bits = 0x6a4
                    0x06a8                  RPINR20 = 0x6a8
                    0x06a8                  _RPINR20 = 0x6a8
                    0x06a8                  _RPINR20bits = 0x6a8
                    0x06aa                  RPINR21 = 0x6aa
                    0x06aa                  _RPINR21 = 0x6aa
                    0x06aa                  _RPINR21bits = 0x6aa
                    0x06c0                  RPOR0 = 0x6c0
                    0x06c0                  _RPOR0 = 0x6c0
                    0x06c0                  _RPOR0bits = 0x6c0
                    0x06c2                  RPOR1 = 0x6c2
                    0x06c2                  _RPOR1 = 0x6c2
                    0x06c2                  _RPOR1bits = 0x6c2
                    0x06c4                  RPOR2 = 0x6c4
                    0x06c4                  _RPOR2 = 0x6c4
                    0x06c4                  _RPOR2bits = 0x6c4
                    0x06c6                  RPOR3 = 0x6c6
                    0x06c6                  _RPOR3 = 0x6c6
                    0x06c6                  _RPOR3bits = 0x6c6
                    0x06c8                  RPOR4 = 0x6c8
                    0x06c8                  _RPOR4 = 0x6c8
                    0x06c8                  _RPOR4bits = 0x6c8
                    0x06ca                  RPOR5 = 0x6ca
                    0x06ca                  _RPOR5 = 0x6ca
                    0x06ca                  _RPOR5bits = 0x6ca
                    0x06cc                  RPOR6 = 0x6cc
                    0x06cc                  _RPOR6 = 0x6cc
                    0x06cc                  _RPOR6bits = 0x6cc
                    0x06ce                  RPOR7 = 0x6ce
                    0x06ce                  _RPOR7 = 0x6ce
                    0x06ce                  _RPOR7bits = 0x6ce
                    0x06d0                  RPOR8 = 0x6d0
                    0x06d0                  _RPOR8 = 0x6d0
                    0x06d0                  _RPOR8bits = 0x6d0
                    0x06d2                  RPOR9 = 0x6d2
                    0x06d2                  _RPOR9 = 0x6d2
                    0x06d2                  _RPOR9bits = 0x6d2
                    0x06d4                  RPOR10 = 0x6d4
                    0x06d4                  _RPOR10 = 0x6d4
                    0x06d4                  _RPOR10bits = 0x6d4
                    0x06d6                  RPOR11 = 0x6d6
                    0x06d6                  _RPOR11 = 0x6d6
                    0x06d6                  _RPOR11bits = 0x6d6
                    0x06d8                  RPOR12 = 0x6d8
                    0x06d8                  _RPOR12 = 0x6d8
                    0x06d8                  _RPOR12bits = 0x6d8
                    0x0740                  RCON = 0x740
                    0x0740                  _RCON = 0x740
                    0x0740                  _RCONbits = 0x740
                    0x0742                  OSCCON = 0x742
                    0x0742                  _OSCCON = 0x742
                    0x0742                  _OSCCONbits = 0x742
                    0x0742                  OSCCONL = 0x742
                    0x0742                  _OSCCONL = 0x742
                    0x0743                  OSCCONH = 0x743
                    0x0743                  _OSCCONH = 0x743
                    0x0744                  CLKDIV = 0x744
                    0x0744                  _CLKDIV = 0x744
                    0x0744                  _CLKDIVbits = 0x744
                    0x0746                  PLLFBD = 0x746
                    0x0746                  _PLLFBD = 0x746
                    0x0746                  _PLLFBDbits = 0x746
                    0x0748                  OSCTUN = 0x748
                    0x0748                  _OSCTUN = 0x748
                    0x0748                  _OSCTUNbits = 0x748
                    0x0760                  NVMCON = 0x760
                    0x0760                  _NVMCON = 0x760
                    0x0760                  _NVMCONbits = 0x760
                    0x0766                  NVMKEY = 0x766
                    0x0766                  _NVMKEY = 0x766
                    0x0770                  PMD1 = 0x770
                    0x0770                  _PMD1 = 0x770
                    0x0770                  _PMD1bits = 0x770
                    0x0772                  PMD2 = 0x772
                    0x0772                  _PMD2 = 0x772
                    0x0772                  _PMD2bits = 0x772
                    0x0774                  PMD3 = 0x774
                    0x0774                  _PMD3 = 0x774
                    0x0774                  _PMD3bits = 0x774
                    0x0022                  ACCA = 0x22
                    0x0022                  _ACCA = 0x22
                    0x0028                  ACCB = 0x28
                    0x0028                  _ACCB = 0x28
                    0x0140                  IC1 = 0x140
                    0x0140                  _IC1 = 0x140
                    0x0144                  IC2 = 0x144
                    0x0144                  _IC2 = 0x144
                    0x0158                  IC7 = 0x158
                    0x0158                  _IC7 = 0x158
                    0x015c                  IC8 = 0x15c
                    0x015c                  _IC8 = 0x15c
                    0x0180                  OC1 = 0x180
                    0x0180                  _OC1 = 0x180
                    0x0186                  OC2 = 0x186
                    0x0186                  _OC2 = 0x186
                    0x0240                  SPI1 = 0x240
                    0x0240                  _SPI1 = 0x240
                    0x0220                  UART1 = 0x220
                    0x0220                  _UART1 = 0x220
START GROUP
LOAD d:/programas uni/bin/bin/../../lib\liblega-pic30-elf.a
LOAD d:/programas uni/bin/bin/../../lib\libm-elf.a
LOAD d:/programas uni/bin/bin/../../lib\liblega-c-elf.a
END GROUP
OUTPUT(dist/default/production/Practica4_SE.X.production.elf elf32-pic30)
LOAD /CW/_FGS
LOAD /CW/_FBSÐã@
LOAD jump_table
LOAD default_isr
LOAD data_init

.debug_pubtypes
                  0x000018        0x347
 .debug_pubtypes
                  0x000018        0x347 build/default/production/main4.o

__c30_signature
                  0x00035f        0x168
 __c30_signature
                  0x00035f          0x6 build/default/production/main4.o
 __c30_signature
                  0x000365          0x6 d:/programas uni/bin/bin/../../lib\liblega-pic30-elf.a(crt0_standard.o)
 __c30_signature
                  0x00036b          0x6 d:/programas uni/bin/bin/../../lib\liblega-pic30-elf.a(data_init_standard.o)
 __c30_signature
                  0x000371          0x6 d:/programas uni/bin/bin/../../lib\libm-elf.a(divsf3.eo)
 __c30_signature
                  0x000377          0x6 d:/programas uni/bin/bin/../../lib\libm-elf.a(floatunsisf.eo)
 __c30_signature
                  0x00037d          0x6 d:/programas uni/bin/bin/../../lib\libm-elf.a(fpack.eo)
 __c30_signature
                  0x000383          0x6 d:/programas uni/bin/bin/../../lib\libm-elf.a(funpack2.eo)
 __c30_signature
                  0x000389          0x6 d:/programas uni/bin/bin/../../lib\libm-elf.a(futil.eo)
 __c30_signature
                  0x00038f          0x6 d:/programas uni/bin/bin/../../lib\libm-elf.a(floatundisf.eo)
 __c30_signature
                  0x000395          0x6 d:/programas uni/bin/bin/../../lib\libm-elf.a(funpack.eo)
 __c30_signature
                  0x00039b          0x6 d:/programas uni/bin/bin/../../lib\liblega-c-elf.a(memcpy.XX_eo)
 __c30_signature
                  0x0003a1          0x6 d:/programas uni/bin/bin/../../lib\liblega-c-elf.a(sprintf_fF.XXeo)
 __c30_signature
                  0x0003a7          0x6 d:/programas uni/bin/bin/../../lib\liblega-c-elf.a(xprintf_fF.XXeo)
 __c30_signature
                  0x0003ad          0x6 d:/programas uni/bin/bin/../../lib\liblega-c-elf.a(xputfld_fF.XXeo)
 __c30_signature
                  0x0003b3          0x6 d:/programas uni/bin/bin/../../lib\liblega-c-elf.a(xldtob_fF.XXeo)
 __c30_signature
                  0x0003b9          0x6 d:/programas uni/bin/bin/../../lib\liblega-c-elf.a(xgenld_fF.XXeo)
 __c30_signature
                  0x0003bf          0x6 d:/programas uni/bin/bin/../../lib\liblega-c-elf.a(div.XX_eo)
 __c30_signature
                  0x0003c5          0x6 d:/programas uni/bin/bin/../../lib\liblega-c-elf.a(ldiv.XX_eo)
 __c30_signature
                  0x0003cb          0x6 d:/programas uni/bin/bin/../../lib\liblega-c-elf.a(strchr.XX_eo)
 __c30_signature
                  0x0003d1          0x6 d:/programas uni/bin/bin/../../lib\liblega-c-elf.a(xldunsca.XX_eo)
 __c30_signature
                  0x0003d7          0x6 d:/programas uni/bin/bin/../../lib\liblega-c-elf.a(xputtxt.XX_eo)
 __c30_signature
                  0x0003dd          0x6 d:/programas uni/bin/bin/../../lib\liblega-c-elf.a(xvacopy.XX_eo)
 __c30_signature
                  0x0003e3          0x6 d:/programas uni/bin/bin/../../lib\liblega-c-elf.a(efwrite.XX_eo)
 __c30_signature
                  0x0003e9          0x6 d:/programas uni/bin/bin/../../lib\liblega-c-elf.a(fflush.XX_elo)
 __c30_signature
                  0x0003ef          0x6 d:/programas uni/bin/bin/../../lib\liblega-c-elf.a(xdnorm.XX_elo)
 __c30_signature
                  0x0003f5          0x6 d:/programas uni/bin/bin/../../lib\liblega-c-elf.a(xfiles.XX_elo)
 __c30_signature
                  0x0003fb          0x6 d:/programas uni/bin/bin/../../lib\liblega-c-elf.a(xfwprep.XX_eo)
 __c30_signature
                  0x000401          0x6 d:/programas uni/bin/bin/../../lib\liblega-c-elf.a(fclose.XX_elo)
 __c30_signature
                  0x000407          0x6 d:/programas uni/bin/bin/../../lib\liblega-c-elf.a(xatexit.XX_elo)
 __c30_signature
                  0x00040d          0x6 d:/programas uni/bin/bin/../../lib\liblega-c-elf.a(free.XX_eo)
 __c30_signature
                  0x000413          0x6 d:/programas uni/bin/bin/../../lib\liblega-c-elf.a(malloc.XX_eo)
 __c30_signature
                  0x000419          0x6 d:/programas uni/bin/bin/../../lib\liblega-c-elf.a(xgetmem.XX_eo)
 __c30_signature
                  0x00041f          0x6 d:/programas uni/bin/bin/../../lib\liblega-pic30-elf.a(close.Leo)
 __c30_signature
                  0x000425          0x6 d:/programas uni/bin/bin/../../lib\liblega-pic30-elf.a(write.Leo)
 __c30_signature
                  0x00042b          0x6 d:/programas uni/bin/bin/../../lib\liblega-pic30-elf.a(remove.Leo)
 __c30_signature
                  0x000431          0x6 d:/programas uni/bin/bin/../../lib\liblega-pic30-elf.a(sbrk.Leo)
 __c30_signature
                  0x000437          0x6 d:/programas uni/bin/bin/../../lib\liblega-pic30-elf.a(c30_uart.Leo)
 __c30_signature
                  0x00043d          0x6 d:/programas uni/bin/bin/../../lib\liblega-pic30-elf.a(memcpy_eds.Leo)
 __c30_signature
                  0x000443          0x6 d:/programas uni/bin/bin/../../lib\liblega-pic30-elf.a(memchr_eds.Leo)
 __c30_signature
                  0x000449          0x6 d:/programas uni/bin/bin/../../lib\liblega-pic30-elf.a(brk.Lelo)
 __c30_signature
                  0x00044f          0x6 d:/programas uni/bin/bin/../../lib\libm-elf.a(deqltle.eo)
 __c30_signature
                  0x000455          0x6 d:/programas uni/bin/bin/../../lib\libm-elf.a(dgtge.eo)
 __c30_signature
                  0x00045b          0x6 d:/programas uni/bin/bin/../../lib\libm-elf.a(divdf3.eo)
 __c30_signature
                  0x000461          0x6 d:/programas uni/bin/bin/../../lib\libm-elf.a(divsi3.eo)
 __c30_signature
                  0x000467          0x6 d:/programas uni/bin/bin/../../lib\libm-elf.a(dpack.eo)
 __c30_signature
                  0x00046d          0x6 d:/programas uni/bin/bin/../../lib\libm-elf.a(dunpack2.eo)
 __c30_signature
                  0x000473          0x6 d:/programas uni/bin/bin/../../lib\libm-elf.a(extendsfdf.eo)
 __c30_signature
                  0x000479          0x6 d:/programas uni/bin/bin/../../lib\libm-elf.a(fixdfsi.eo)
 __c30_signature
                  0x00047f          0x6 d:/programas uni/bin/bin/../../lib\libm-elf.a(floatsidf.eo)
 __c30_signature
                  0x000485          0x6 d:/programas uni/bin/bin/../../lib\libm-elf.a(muldf3.eo)
 __c30_signature
                  0x00048b          0x6 d:/programas uni/bin/bin/../../lib\libm-elf.a(subdf3.eo)
 __c30_signature
                  0x000491          0x6 d:/programas uni/bin/bin/../../lib\libm-elf.a(udivsi3.eo)
 __c30_signature
                  0x000497          0x6 d:/programas uni/bin/bin/../../lib\libm-elf.a(mulsi3.eo)
 __c30_signature
                  0x00049d          0x6 d:/programas uni/bin/bin/../../lib\libm-elf.a(adddf3.eo)
 __c30_signature
                  0x0004a3          0x6 d:/programas uni/bin/bin/../../lib\libm-elf.a(dcompare.eo)
 __c30_signature
                  0x0004a9          0x6 d:/programas uni/bin/bin/../../lib\libm-elf.a(dpropagateNaN.eo)
 __c30_signature
                  0x0004af          0x6 d:/programas uni/bin/bin/../../lib\libm-elf.a(dtype.eo)
 __c30_signature
                  0x0004b5          0x6 d:/programas uni/bin/bin/../../lib\libm-elf.a(dunpack.eo)
 __c30_signature
                  0x0004bb          0x6 d:/programas uni/bin/bin/../../lib\libm-elf.a(floatdidf.eo)
 __c30_signature
                  0x0004c1          0x6 d:/programas uni/bin/bin/../../lib\libm-elf.a(floatundidf.eo)

.nbss               0x0800        0x1da
 .nbss              0x0800        0x1da build/default/production/main4.o
                    0x0800                  _txbuffer
                    0x08c8                  _dataCMD_ISR
                    0x08fa                  _pulsoIC1
                    0x08fc                  _time_pulsoIC1
                    0x08fe                  _rise_pulsoIC1
                    0x0900                  _pulsoIC2
                    0x0902                  _time_pulsoIC2
                    0x0904                  _rise_pulsoIC2
                    0x0906                  _tiempo_real_IC1
                    0x090a                  _tiempo_real_IC2
                    0x090e                  _received_char
                    0x090f                  _txbuffer_ISR
                    0x09d8                  _nextchar

.ndata              0x09da          0x6
 .ndata             0x09da          0x6 build/default/production/main4.o
                    0x09da                  _dutyOC1
                    0x09dc                  _dutyOC2
                    0x09de                  _flag

.data               0x09e0         0xfa
 .data              0x09e0         0x88 d:/programas uni/bin/bin/../../lib\liblega-c-elf.a(xfiles.XX_elo)
                    0x09e0                  __Stdin
                    0x0a08                  __Stdout
                    0x0a30                  __Stderr
                    0x0a58                  __Files
 .data              0x0a68         0x58 d:/programas uni/bin/bin/../../lib\liblega-c-elf.a(xldtob_fF.XXeo)
 .data              0x0ac0         0x1a d:/programas uni/bin/bin/../../lib\liblega-c-elf.a(xprintf_fF.XXeo)

.bss                0x0ada          0x4
 .bss               0x0ada          0x4 d:/programas uni/bin/bin/../../lib\liblega-c-elf.a(malloc.XX_eo)
                    0x0ada                  __Aldata

.data               0x0ade          0x2
 .data              0x0ade          0x2 d:/programas uni/bin/bin/../../lib\liblega-c-elf.a(xgenld_fF.XXeo)

.bss                0x0ae0          0x2
 .bss               0x0ae0          0x2 d:/programas uni/bin/bin/../../lib\liblega-c-elf.a(fclose.XX_elo)

.data               0x0ae2          0x4
 .data              0x0ae2          0x2 d:/programas uni/bin/bin/../../lib\liblega-c-elf.a(malloc.XX_eo)
                    0x0ae2                  __Size_block
 .data              0x0ae4          0x2 d:/programas uni/bin/bin/../../lib\liblega-pic30-elf.a(c30_uart.Leo)
                    0x0ae4                  ___C30_UART

.bss                0x0ae6          0x2
 .bss               0x0ae6          0x2 d:/programas uni/bin/bin/../../lib\liblega-pic30-elf.a(brk.Lelo)
                    0x0ae6                  ___curbrk

.config_JTAGEN    0xf8000e          0x2
 .config_JTAGEN
                  0xf8000e          0x2 build/default/production/main4.o

.config_PWMPIN    0xf8000c          0x2
 .config_PWMPIN
                  0xf8000c          0x2 build/default/production/main4.o

.config_FWDTEN    0xf8000a          0x2
 .config_FWDTEN
                  0xf8000a          0x2 build/default/production/main4.o

.config_FCKSM     0xf80008          0x2
 .config_FCKSM    0xf80008          0x2 build/default/production/main4.o

.config_IESO      0xf80006          0x2
 .config_IESO     0xf80006          0x2 build/default/production/main4.o

.ivt._IC1Interrupt
                  0x000016          0x2
 .ivt._IC1Interrupt
                  0x000016          0x2 build/default/production/main4.o

.ivt._IC2Interrupt
                  0x00001e          0x2
 .ivt._IC2Interrupt
                  0x00001e          0x2 build/default/production/main4.o

.const              0x999a         0x78 load address 0x00199a  
 .const             0x999a         0x78 build/default/production/main4.o

.text             0x001a12        0x2d4
 .text            0x001a12        0x2d4 build/default/production/main4.o
                  0x001a12                  _delay_ms
                  0x001a4c                  _uart_config
                  0x001aca                  _output_compare_config
                  0x001b48                  _input_capture_config
                  0x001be2                  _EnviarCaracter
                  0x001bfa                  _EnviarString
                  0x001c14                  _main

.dinit            0x001ce6         0xf8
 .dinit           0x001ce6         0xf8 data_init
